// Jest Snapshot v1, https://goo.gl/fbAQLP

exports[`matches snapshot 1`] = `
<div>
  <div>
    <article
      class="article"
    >
      <img
        alt="Test Post"
        class="coverImage"
        src="/test-image.jpg"
      />
      <div
        class="content"
      >
        <h1>
          Test Post
        </h1>
        <div
          class="metadata"
        >
          <div
            class="author"
          >
            <img
              alt="John Doe"
              src="/avatar.jpg"
            />
            <span>
              John Doe
            </span>
          </div>
          <time>
            2024-02-20
          </time>
          <span>
            5 min read
          </span>
        </div>
        <div
          class="tags"
        >
          <span
            class="tag"
          >
            test
          </span>
          <span
            class="tag"
          >
            blog
          </span>
        </div>
        <p>
          This is a test post excerpt
        </p>
      </div>
    </article>
  </div>
</div>
`;
